>seq1
TCTAGCCTTCTCGTGTGCAGACCTTCTCGTGTGCAGTTGAGGTCAGTGNNNNNNNNTAGAGCATACGGCCTTCTCGTGTGCAGAGAAGACTCGTGTGCANTAGAGCATC
>seq2
TCTAGCCTTCTCGTGTGCAGACCTTCTCGTGTGCAGTTGAGGTCAGTGNNNNNNNNTAGAGCATACgGCgTTCTCGTGTGCAGAGAAGACTCGTGTGCANTAGAGCATtC
